Archive member included to satisfy reference by file (symbol)

c:/program files (x86)/atmel/studio/7.0/toolchain/arm/arm-gnu-toolchain/bin/../lib/gcc/arm-none-eabi/6.3.1/thumb/v6-m\libgcc.a(_aeabi_uldivmod.o)
                              USART3.o (__aeabi_uldivmod)
c:/program files (x86)/atmel/studio/7.0/toolchain/arm/arm-gnu-toolchain/bin/../lib/gcc/arm-none-eabi/6.3.1/thumb/v6-m\libgcc.a(_udivmoddi4.o)
                              c:/program files (x86)/atmel/studio/7.0/toolchain/arm/arm-gnu-toolchain/bin/../lib/gcc/arm-none-eabi/6.3.1/thumb/v6-m\libgcc.a(_aeabi_uldivmod.o) (__udivmoddi4)
c:/program files (x86)/atmel/studio/7.0/toolchain/arm/arm-gnu-toolchain/bin/../lib/gcc/arm-none-eabi/6.3.1/thumb/v6-m\libgcc.a(_dvmd_tls.o)
                              c:/program files (x86)/atmel/studio/7.0/toolchain/arm/arm-gnu-toolchain/bin/../lib/gcc/arm-none-eabi/6.3.1/thumb/v6-m\libgcc.a(_aeabi_uldivmod.o) (__aeabi_ldiv0)
c:/program files (x86)/atmel/studio/7.0/toolchain/arm/arm-gnu-toolchain/bin/../lib/gcc/arm-none-eabi/6.3.1/thumb/v6-m\libgcc.a(_clzdi2.o)
                              c:/program files (x86)/atmel/studio/7.0/toolchain/arm/arm-gnu-toolchain/bin/../lib/gcc/arm-none-eabi/6.3.1/thumb/v6-m\libgcc.a(_udivmoddi4.o) (__clzdi2)
c:/program files (x86)/atmel/studio/7.0/toolchain/arm/arm-gnu-toolchain/bin/../lib/gcc/arm-none-eabi/6.3.1/thumb/v6-m\libgcc.a(_clzsi2.o)
                              c:/program files (x86)/atmel/studio/7.0/toolchain/arm/arm-gnu-toolchain/bin/../lib/gcc/arm-none-eabi/6.3.1/thumb/v6-m\libgcc.a(_clzdi2.o) (__clzsi2)
c:/program files (x86)/atmel/studio/7.0/toolchain/arm/arm-gnu-toolchain/bin/../lib/gcc/arm-none-eabi/6.3.1/../../../../arm-none-eabi/lib/thumb/v6-m\libc.a(lib_a-exit.o)
                              c:/program files (x86)/atmel/studio/7.0/toolchain/arm/arm-gnu-toolchain/bin/../lib/gcc/arm-none-eabi/6.3.1/../../../../arm-none-eabi/lib/thumb/v6-m/crt0.o (exit)
c:/program files (x86)/atmel/studio/7.0/toolchain/arm/arm-gnu-toolchain/bin/../lib/gcc/arm-none-eabi/6.3.1/../../../../arm-none-eabi/lib/thumb/v6-m\libc.a(lib_a-impure.o)
                              c:/program files (x86)/atmel/studio/7.0/toolchain/arm/arm-gnu-toolchain/bin/../lib/gcc/arm-none-eabi/6.3.1/../../../../arm-none-eabi/lib/thumb/v6-m\libc.a(lib_a-exit.o) (_global_impure_ptr)
c:/program files (x86)/atmel/studio/7.0/toolchain/arm/arm-gnu-toolchain/bin/../lib/gcc/arm-none-eabi/6.3.1/../../../../arm-none-eabi/lib/thumb/v6-m\libc.a(lib_a-init.o)
                              c:/program files (x86)/atmel/studio/7.0/toolchain/arm/arm-gnu-toolchain/bin/../lib/gcc/arm-none-eabi/6.3.1/../../../../arm-none-eabi/lib/thumb/v6-m/crt0.o (__libc_init_array)
c:/program files (x86)/atmel/studio/7.0/toolchain/arm/arm-gnu-toolchain/bin/../lib/gcc/arm-none-eabi/6.3.1/../../../../arm-none-eabi/lib/thumb/v6-m\libc.a(lib_a-itoa.o)
                              app.o (itoa)
c:/program files (x86)/atmel/studio/7.0/toolchain/arm/arm-gnu-toolchain/bin/../lib/gcc/arm-none-eabi/6.3.1/../../../../arm-none-eabi/lib/thumb/v6-m\libc.a(lib_a-memset.o)
                              c:/program files (x86)/atmel/studio/7.0/toolchain/arm/arm-gnu-toolchain/bin/../lib/gcc/arm-none-eabi/6.3.1/../../../../arm-none-eabi/lib/thumb/v6-m/crt0.o (memset)
c:/program files (x86)/atmel/studio/7.0/toolchain/arm/arm-gnu-toolchain/bin/../lib/gcc/arm-none-eabi/6.3.1/../../../../arm-none-eabi/lib/thumb/v6-m\libc.a(lib_a-utoa.o)
                              c:/program files (x86)/atmel/studio/7.0/toolchain/arm/arm-gnu-toolchain/bin/../lib/gcc/arm-none-eabi/6.3.1/../../../../arm-none-eabi/lib/thumb/v6-m\libc.a(lib_a-itoa.o) (__utoa)
c:/program files (x86)/atmel/studio/7.0/toolchain/arm/arm-gnu-toolchain/bin/../lib/gcc/arm-none-eabi/6.3.1/../../../../arm-none-eabi/lib/thumb/v6-m\libc.a(lib_a-__call_atexit.o)
                              c:/program files (x86)/atmel/studio/7.0/toolchain/arm/arm-gnu-toolchain/bin/../lib/gcc/arm-none-eabi/6.3.1/../../../../arm-none-eabi/lib/thumb/v6-m\libc.a(lib_a-exit.o) (__call_exitprocs)
c:/program files (x86)/atmel/studio/7.0/toolchain/arm/arm-gnu-toolchain/bin/../lib/gcc/arm-none-eabi/6.3.1/../../../../arm-none-eabi/lib/thumb/v6-m\libc.a(lib_a-atexit.o)
                              c:/program files (x86)/atmel/studio/7.0/toolchain/arm/arm-gnu-toolchain/bin/../lib/gcc/arm-none-eabi/6.3.1/../../../../arm-none-eabi/lib/thumb/v6-m\libc.a(lib_a-__call_atexit.o) (atexit)
c:/program files (x86)/atmel/studio/7.0/toolchain/arm/arm-gnu-toolchain/bin/../lib/gcc/arm-none-eabi/6.3.1/../../../../arm-none-eabi/lib/thumb/v6-m\libc.a(lib_a-fini.o)
                              c:/program files (x86)/atmel/studio/7.0/toolchain/arm/arm-gnu-toolchain/bin/../lib/gcc/arm-none-eabi/6.3.1/../../../../arm-none-eabi/lib/thumb/v6-m\libc.a(lib_a-__call_atexit.o) (__libc_fini_array)
[...]
Memory Configuration

Name             Origin             Length             Attributes
rom              0x00000000         0x00040000         xr
ram              0x20000000         0x00008000         xrw
*default*        0x00000000         0xffffffff

Linker script and memory map

LOAD c:/program files (x86)/atmel/studio/7.0/toolchain/arm/arm-gnu-toolchain/bin/../lib/gcc/arm-none-eabi/6.3.1/thumb/v6-m/crti.o
LOAD c:/program files (x86)/atmel/studio/7.0/toolchain/arm/arm-gnu-toolchain/bin/../lib/gcc/arm-none-eabi/6.3.1/thumb/v6-m/crtbegin.o
LOAD c:/program files (x86)/atmel/studio/7.0/toolchain/arm/arm-gnu-toolchain/bin/../lib/gcc/arm-none-eabi/6.3.1/../../../../arm-none-eabi/lib/thumb/v6-m/crt0.o
LOAD adc.o
LOAD app.o
LOAD clock.o
LOAD delay.o
LOAD Device_Startup/startup_samd21.o
LOAD Device_Startup/system_samd21.o
LOAD main.o
LOAD USART3.o
START GROUP
LOAD c:/program files (x86)/atmel/studio/7.0/toolchain/arm/arm-gnu-toolchain/bin/../lib/gcc/arm-none-eabi/6.3.1/../../../../arm-none-eabi/lib/thumb/v6-m\libm.a
END GROUP
Address of section .text set to 0x2000
START GROUP
LOAD c:/program files (x86)/atmel/studio/7.0/toolchain/arm/arm-gnu-toolchain/bin/../lib/gcc/arm-none-eabi/6.3.1/thumb/v6-m\libgcc.a
LOAD c:/program files (x86)/atmel/studio/7.0/toolchain/arm/arm-gnu-toolchain/bin/../lib/gcc/arm-none-eabi/6.3.1/../../../../arm-none-eabi/lib/thumb/v6-m\libc.a
END GROUP
LOAD c:/program files (x86)/atmel/studio/7.0/toolchain/arm/arm-gnu-toolchain/bin/../lib/gcc/arm-none-eabi/6.3.1/thumb/v6-m/crtend.o
LOAD c:/program files (x86)/atmel/studio/7.0/toolchain/arm/arm-gnu-toolchain/bin/../lib/gcc/arm-none-eabi/6.3.1/thumb/v6-m/crtn.o
                0x00002000                STACK_SIZE = DEFINED (STACK_SIZE)?STACK_SIZE:DEFINED (__stack_size__)?__stack_size__:0x2000

.text           0x00002000      0xd58
                0x00002000                . = ALIGN (0x4)
                0x00002000                _sfixed = .
 *(.vectors .vectors.*)
 .vectors       0x00002000       0xb4 Device_Startup/startup_samd21.o
                0x00002000                exception_table
 *(.text .text.* .gnu.linkonce.t.*)
 .text          0x000020b4       0x60 c:/program files (x86)/atmel/studio/7.0/toolchain/arm/arm-gnu-toolchain/bin/../lib/gcc/arm-none-eabi/6.3.1/thumb/v6-m/crtbegin.o
 .text.init_adc
                0x00002114       0xac adc.o
                0x00002114                init_adc
 .text.start_adc
                0x000021c0       0x10 adc.o
                0x000021c0                start_adc
 .text.stop_adc
                0x000021d0       0x1c adc.o
                0x000021d0                stop_adc
 .text.is_done_adc
                0x000021ec       0x10 adc.o
                0x000021ec                is_done_adc
 .text.singleread_adc
                0x000021fc       0x48 adc.o
                0x000021fc                singleread_adc
 .text.AppInit  0x00002244       0x20 app.o
                0x00002244                AppInit
 .text.AppRun   0x00002264       0xe4 app.o
                0x00002264                AppRun
 .text.ClocksInit
                0x00002348      0x170 clock.o
                0x00002348                ClocksInit
 .text.delay_n_cycles
                0x000024b8        0xc delay.o
                0x000024b8                delay_n_cycles
 .text.Dummy_Handler
                0x000024c4        0x2 Device_Startup/startup_samd21.o
                0x000024c4                SVCall_Handler
                0x000024c4                DMAC_Handler
                0x000024c4                HardFault_Handler
                0x000024c4                AC_Handler
                0x000024c4                SysTick_Handler
                0x000024c4                PendSV_Handler
                0x000024c4                TC7_Handler
                0x000024c4                SERCOM1_Handler
                0x000024c4                ADC_Handler
                0x000024c4                NonMaskableInt_Handler
                0x000024c4                TCC1_Handler
                0x000024c4                SERCOM2_Handler
                0x000024c4                TCC0_Handler
                0x000024c4                RTC_Handler
                0x000024c4                EIC_Handler
                0x000024c4                TC6_Handler
                0x000024c4                WDT_Handler
                0x000024c4                TC4_Handler
                0x000024c4                USB_Handler
                0x000024c4                TC3_Handler
                0x000024c4                Dummy_Handler
                0x000024c4                PM_Handler
                0x000024c4                SERCOM5_Handler
                0x000024c4                TCC2_Handler
                0x000024c4                EVSYS_Handler
                0x000024c4                SERCOM3_Handler
                0x000024c4                SERCOM4_Handler
                0x000024c4                I2S_Handler
                0x000024c4                NVMCTRL_Handler
                0x000024c4                SERCOM0_Handler
                0x000024c4                DAC_Handler
                0x000024c4                PTC_Handler
                0x000024c4                TC5_Handler
                0x000024c4                SYSCTRL_Handler
 *fill*         0x000024c6        0x2 
 .text.Reset_Handler
                0x000024c8       0xc4 Device_Startup/startup_samd21.o
                0x000024c8                Reset_Handler
 .text.main     0x0000258c       0x14 main.o
                0x0000258c                main
 .text.UART3_Init
                0x000025a0       0xac USART3.o
                0x000025a0                UART3_Init
 .text.UART3_Write
                0x0000264c       0x18 USART3.o
                0x0000264c                UART3_Write
 .text.UART3_Write_Text
                0x00002664       0x1c USART3.o
                0x00002664                UART3_Write_Text
 .text          0x00002680       0x40 c:/program files (x86)/atmel/studio/7.0/toolchain/arm/arm-gnu-toolchain/bin/../lib/gcc/arm-none-eabi/6.3.1/thumb/v6-m\libgcc.a(_aeabi_uldivmod.o)
                0x00002680                __aeabi_uldivmod
 .text          0x000026c0      0x180 c:/program files (x86)/atmel/studio/7.0/toolchain/arm/arm-gnu-toolchain/bin/../lib/gcc/arm-none-eabi/6.3.1/thumb/v6-m\libgcc.a(_udivmoddi4.o)
                0x000026c0                __udivmoddi4
 .text          0x00002840        0x4 c:/program files (x86)/atmel/studio/7.0/toolchain/arm/arm-gnu-toolchain/bin/../lib/gcc/arm-none-eabi/6.3.1/thumb/v6-m\libgcc.a(_dvmd_tls.o)
                0x00002840                __aeabi_idiv0
                0x00002840                __aeabi_ldiv0
 .text          0x00002844       0x18 c:/program files (x86)/atmel/studio/7.0/toolchain/arm/arm-gnu-toolchain/bin/../lib/gcc/arm-none-eabi/6.3.1/thumb/v6-m\libgcc.a(_clzdi2.o)
                0x00002844                __clzdi2
 .text          0x0000285c       0x3c c:/program files (x86)/atmel/studio/7.0/toolchain/arm/arm-gnu-toolchain/bin/../lib/gcc/arm-none-eabi/6.3.1/thumb/v6-m\libgcc.a(_clzsi2.o)
                0x0000285c                __clzsi2
 .text.__libc_init_array
                0x00002898       0x48 c:/program files (x86)/atmel/studio/7.0/toolchain/arm/arm-gnu-toolchain/bin/../lib/gcc/arm-none-eabi/6.3.1/../../../../arm-none-eabi/lib/thumb/v6-m\libc.a(lib_a-init.o)
                0x00002898                __libc_init_array
 .text.__itoa   0x000028e0       0x30 c:/program files (x86)/atmel/studio/7.0/toolchain/arm/arm-gnu-toolchain/bin/../lib/gcc/arm-none-eabi/6.3.1/../../../../arm-none-eabi/lib/thumb/v6-m\libc.a(lib_a-itoa.o)
                0x000028e0                __itoa
 .text.itoa     0x00002910        0x8 c:/program files (x86)/atmel/studio/7.0/toolchain/arm/arm-gnu-toolchain/bin/../lib/gcc/arm-none-eabi/6.3.1/../../../../arm-none-eabi/lib/thumb/v6-m\libc.a(lib_a-itoa.o)
                0x00002910                itoa
 .text.__utoa   0x00002918       0x8c c:/program files (x86)/atmel/studio/7.0/toolchain/arm/arm-gnu-toolchain/bin/../lib/gcc/arm-none-eabi/6.3.1/../../../../arm-none-eabi/lib/thumb/v6-m\libc.a(lib_a-utoa.o)
                0x00002918                __utoa
 .text.startup.register_fini
                0x000029a4       0x18 c:/program files (x86)/atmel/studio/7.0/toolchain/arm/arm-gnu-toolchain/bin/../lib/gcc/arm-none-eabi/6.3.1/../../../../arm-none-eabi/lib/thumb/v6-m\libc.a(lib_a-__call_atexit.o)
 .text.atexit   0x000029bc       0x10 c:/program files (x86)/atmel/studio/7.0/toolchain/arm/arm-gnu-toolchain/bin/../lib/gcc/arm-none-eabi/6.3.1/../../../../arm-none-eabi/lib/thumb/v6-m\libc.a(lib_a-atexit.o)
                0x000029bc                atexit
 .text.__libc_fini_array
                0x000029cc       0x34 c:/program files (x86)/atmel/studio/7.0/toolchain/arm/arm-gnu-toolchain/bin/../lib/gcc/arm-none-eabi/6.3.1/../../../../arm-none-eabi/lib/thumb/v6-m\libc.a(lib_a-fini.o)
                0x000029cc                __libc_fini_array
 .text.__retarget_lock_acquire_recursive
                0x00002a00        0x4 c:/program files (x86)/atmel/studio/7.0/toolchain/arm/arm-gnu-toolchain/bin/../lib/gcc/arm-none-eabi/6.3.1/../../../../arm-none-eabi/lib/thumb/v6-m\libc.a(lib_a-lock.o)
                0x00002a00                __retarget_lock_acquire_recursive
 .text.__retarget_lock_release_recursive
                0x00002a04        0x4 c:/program files (x86)/atmel/studio/7.0/toolchain/arm/arm-gnu-toolchain/bin/../lib/gcc/arm-none-eabi/6.3.1/../../../../arm-none-eabi/lib/thumb/v6-m\libc.a(lib_a-lock.o)
                0x00002a04                __retarget_lock_release_recursive
 .text.__register_exitproc
                0x00002a08       0xf4 c:/program files (x86)/atmel/studio/7.0/toolchain/arm/arm-gnu-toolchain/bin/../lib/gcc/arm-none-eabi/6.3.1/../../../../arm-none-eabi/lib/thumb/v6-m\libc.a(lib_a-__atexit.o)
                0x00002a08                __register_exitproc
 .text          0x00002afc      0x114 c:/program files (x86)/atmel/studio/7.0/toolchain/arm/arm-gnu-toolchain/bin/../lib/gcc/arm-none-eabi/6.3.1/thumb/v6-m\libgcc.a(_udivsi3.o)
                0x00002afc                __aeabi_uidiv
                0x00002afc                __udivsi3
                0x00002c08                __aeabi_uidivmod
 *(.glue_7t)
 .glue_7t       0x00002c10        0x0 linker stubs
 *(.glue_7)
 .glue_7        0x00002c10        0x0 linker stubs
 *(.rodata .rodata* .gnu.linkonce.r.*)
 .rodata.str1.4
                0x00002c10       0xf6 app.o
                                 0xfa (size before relaxing)
 *fill*         0x00002d06        0x2 
 .rodata._global_impure_ptr
                0x00002d08        0x4 c:/program files (x86)/atmel/studio/7.0/toolchain/arm/arm-gnu-toolchain/bin/../lib/gcc/arm-none-eabi/6.3.1/../../../../arm-none-eabi/lib/thumb/v6-m\libc.a(lib_a-impure.o)
                0x00002d08                _global_impure_ptr
 .rodata.__utoa.str1.4
                0x00002d0c       0x28 c:/program files (x86)/atmel/studio/7.0/toolchain/arm/arm-gnu-toolchain/bin/../lib/gcc/arm-none-eabi/6.3.1/../../../../arm-none-eabi/lib/thumb/v6-m\libc.a(lib_a-utoa.o)
                                 0x25 (size before relaxing)
 *(.ARM.extab* .gnu.linkonce.armextab.*)
                0x00002d34                . = ALIGN (0x4)
 *(.init)
 .init          0x00002d34        0x4 c:/program files (x86)/atmel/studio/7.0/toolchain/arm/arm-gnu-toolchain/bin/../lib/gcc/arm-none-eabi/6.3.1/thumb/v6-m/crti.o
                0x00002d34                _init
 .init          0x00002d38        0x8 c:/program files (x86)/atmel/studio/7.0/toolchain/arm/arm-gnu-toolchain/bin/../lib/gcc/arm-none-eabi/6.3.1/thumb/v6-m/crtn.o
                0x00002d40                . = ALIGN (0x4)
                0x00002d40                __preinit_array_start = .
 *(.preinit_array)
                0x00002d40                __preinit_array_end = .
                0x00002d40                . = ALIGN (0x4)
                0x00002d40                __init_array_start = .
 *(SORT(.init_array.*))
 .init_array.00000
                0x00002d40        0x4 c:/program files (x86)/atmel/studio/7.0/toolchain/arm/arm-gnu-toolchain/bin/../lib/gcc/arm-none-eabi/6.3.1/../../../../arm-none-eabi/lib/thumb/v6-m\libc.a(lib_a-__call_atexit.o)
 *(.init_array)
 .init_array    0x00002d44        0x4 c:/program files (x86)/atmel/studio/7.0/toolchain/arm/arm-gnu-toolchain/bin/../lib/gcc/arm-none-eabi/6.3.1/thumb/v6-m/crtbegin.o
                0x00002d48                __init_array_end = .
                0x00002d48                . = ALIGN (0x4)
 *crtbegin.o(.ctors)
 *(EXCLUDE_FILE(*crtend.o) .ctors)
 *(SORT(.ctors.*))
 *crtend.o(.ctors)
                0x00002d48                . = ALIGN (0x4)
 *(.fini)
 .fini          0x00002d48        0x4 c:/program files (x86)/atmel/studio/7.0/toolchain/arm/arm-gnu-toolchain/bin/../lib/gcc/arm-none-eabi/6.3.1/thumb/v6-m/crti.o
                0x00002d48                _fini
 .fini          0x00002d4c        0x8 c:/program files (x86)/atmel/studio/7.0/toolchain/arm/arm-gnu-toolchain/bin/../lib/gcc/arm-none-eabi/6.3.1/thumb/v6-m/crtn.o
                0x00002d54                . = ALIGN (0x4)
                0x00002d54                __fini_array_start = .
 *(.fini_array)
 .fini_array    0x00002d54        0x4 c:/program files (x86)/atmel/studio/7.0/toolchain/arm/arm-gnu-toolchain/bin/../lib/gcc/arm-none-eabi/6.3.1/thumb/v6-m/crtbegin.o
 *(SORT(.fini_array.*))
                0x00002d58                __fini_array_end = .
 *crtbegin.o(.dtors)
 *(EXCLUDE_FILE(*crtend.o) .dtors)
 *(SORT(.dtors.*))
 *crtend.o(.dtors)
                0x00002d58                . = ALIGN (0x4)
                0x00002d58                _efixed = .
                [!provide]                PROVIDE (__exidx_start, .)

.vfp11_veneer   0x00002d58        0x0
 .vfp11_veneer  0x00002d58        0x0 linker stubs

.v4_bx          0x00002d58        0x0
 .v4_bx         0x00002d58        0x0 linker stubs

.iplt           0x00002d58        0x0
 .iplt          0x00002d58        0x0 c:/program files (x86)/atmel/studio/7.0/toolchain/arm/arm-gnu-toolchain/bin/../lib/gcc/arm-none-eabi/6.3.1/thumb/v6-m/crtbegin.o

.ARM.exidx      0x00002d58        0x8
 *(.ARM.exidx* .gnu.linkonce.armexidx.*)
 .ARM.exidx     0x00002d58        0x8 c:/program files (x86)/atmel/studio/7.0/toolchain/arm/arm-gnu-toolchain/bin/../lib/gcc/arm-none-eabi/6.3.1/thumb/v6-m\libgcc.a(_udivmoddi4.o)
                [!provide]                PROVIDE (__exidx_end, .)

.eh_frame       0x00002d60        0x0
 .eh_frame      0x00002d60        0x0 c:/program files (x86)/atmel/studio/7.0/toolchain/arm/arm-gnu-toolchain/bin/../lib/gcc/arm-none-eabi/6.3.1/thumb/v6-m/crtbegin.o

.rel.dyn        0x00002d60        0x0
 .rel.iplt      0x00002d60        0x0 c:/program files (x86)/atmel/studio/7.0/toolchain/arm/arm-gnu-toolchain/bin/../lib/gcc/arm-none-eabi/6.3.1/thumb/v6-m/crtbegin.o

.jcr            0x00002d60        0x0
 .jcr           0x00002d60        0x0 c:/program files (x86)/atmel/studio/7.0/toolchain/arm/arm-gnu-toolchain/bin/../lib/gcc/arm-none-eabi/6.3.1/thumb/v6-m/crtbegin.o

.igot.plt       0x00002d60        0x0
 .igot.plt      0x00002d60        0x0 c:/program files (x86)/atmel/studio/7.0/toolchain/arm/arm-gnu-toolchain/bin/../lib/gcc/arm-none-eabi/6.3.1/thumb/v6-m/crtbegin.o
                0x00002d60                . = ALIGN (0x4)
                0x00002d60                _etext = .

.relocate       0x20000000      0x42c load address 0x00002d60
                0x20000000                . = ALIGN (0x4)
                0x20000000                _srelocate = .
 *(.ramfunc .ramfunc.*)
 *(.data .data.*)
 .data.impure_data
                0x20000000      0x428 c:/program files (x86)/atmel/studio/7.0/toolchain/arm/arm-gnu-toolchain/bin/../lib/gcc/arm-none-eabi/6.3.1/../../../../arm-none-eabi/lib/thumb/v6-m\libc.a(lib_a-impure.o)
 .data.__atexit_recursive_mutex
                0x20000428        0x4 c:/program files (x86)/atmel/studio/7.0/toolchain/arm/arm-gnu-toolchain/bin/../lib/gcc/arm-none-eabi/6.3.1/../../../../arm-none-eabi/lib/thumb/v6-m\libc.a(lib_a-__call_atexit.o)
                0x20000428                __atexit_recursive_mutex
                0x2000042c                . = ALIGN (0x4)
                0x2000042c                _erelocate = .

.bss            0x2000042c       0x40 load address 0x0000318c
                0x2000042c                . = ALIGN (0x4)
                0x2000042c                _sbss = .
                0x2000042c                _szero = .
 *(.bss .bss.*)
 .bss           0x2000042c       0x1c c:/program files (x86)/atmel/studio/7.0/toolchain/arm/arm-gnu-toolchain/bin/../lib/gcc/arm-none-eabi/6.3.1/thumb/v6-m/crtbegin.o
 *(COMMON)
 COMMON         0x20000448       0x21 c:/program files (x86)/atmel/studio/7.0/toolchain/arm/arm-gnu-toolchain/bin/../lib/gcc/arm-none-eabi/6.3.1/../../../../arm-none-eabi/lib/thumb/v6-m\libc.a(lib_a-lock.o)
                0x20000448                __lock___atexit_recursive_mutex
                0x2000044c                __lock___arc4random_mutex
                0x20000450                __lock___env_recursive_mutex
                0x20000454                __lock___sinit_recursive_mutex
                0x20000458                __lock___malloc_recursive_mutex
                0x2000045c                __lock___at_quick_exit_mutex
                0x20000460                __lock___dd_hash_mutex
                0x20000464                __lock___tz_mutex
                0x20000468                __lock___sfp_recursive_mutex
                0x2000046c                . = ALIGN (0x4)
 *fill*         0x20000469        0x3 
                0x2000046c                _ebss = .
                0x2000046c                _ezero = .

.stack          0x2000046c     0x2004 load address 0x000031cc
                0x20000470                . = ALIGN (0x8)
 *fill*         0x2000046c        0x4 
                0x20000470                _sstack = .
                0x20002470                . = (. + STACK_SIZE)
 *fill*         0x20000470     0x2000 
                0x20002470                . = ALIGN (0x8)
                0x20002470                _estack = .
                0x20002470                . = ALIGN (0x4)
                0x20002470                _end = .
OUTPUT(ADC.elf elf32-littlearm)

.ARM.attributes
                0x00000000       0x28
 .ARM.attributes
                0x00000000       0x1e c:/program files (x86)/atmel/studio/7.0/toolchain/arm/arm-gnu-toolchain/bin/../lib/gcc/arm-none-eabi/6.3.1/thumb/v6-m/crti.o
 .ARM.attributes
                0x0000001e       0x2c c:/program files (x86)/atmel/studio/7.0/toolchain/arm/arm-gnu-toolchain/bin/../lib/gcc/arm-none-eabi/6.3.1/thumb/v6-m/crtbegin.o
 .ARM.attributes
                0x0000004a       0x32 adc.o
 .ARM.attributes
                0x0000007c       0x32 app.o
 .ARM.attributes
                0x000000ae       0x32 clock.o
 .ARM.attributes
                0x000000e0       0x32 delay.o
 .ARM.attributes
                0x00000112       0x32 Device_Startup/startup_samd21.o
 .ARM.attributes
                0x00000144       0x32 main.o
 .ARM.attributes
                0x00000176       0x32 USART3.o
 .ARM.attributes
                0x000001a8       0x1e c:/program files (x86)/atmel/studio/7.0/toolchain/arm/arm-gnu-toolchain/bin/../lib/gcc/arm-none-eabi/6.3.1/thumb/v6-m\libgcc.a(_aeabi_uldivmod.o)
 .ARM.attributes
                0x000001c6       0x2c c:/program files (x86)/atmel/studio/7.0/toolchain/arm/arm-gnu-toolchain/bin/../lib/gcc/arm-none-eabi/6.3.1/thumb/v6-m\libgcc.a(_udivmoddi4.o)
 .ARM.attributes
                0x000001f2       0x1e c:/program files (x86)/atmel/studio/7.0/toolchain/arm/arm-gnu-toolchain/bin/../lib/gcc/arm-none-eabi/6.3.1/thumb/v6-m\libgcc.a(_dvmd_tls.o)
 .ARM.attributes
                0x00000210       0x1e c:/program files (x86)/atmel/studio/7.0/toolchain/arm/arm-gnu-toolchain/bin/../lib/gcc/arm-none-eabi/6.3.1/thumb/v6-m\libgcc.a(_clzdi2.o)
 .ARM.attributes
                0x0000022e       0x1e c:/program files (x86)/atmel/studio/7.0/toolchain/arm/arm-gnu-toolchain/bin/../lib/gcc/arm-none-eabi/6.3.1/thumb/v6-m\libgcc.a(_clzsi2.o)
 .ARM.attributes
                0x0000024c       0x2c c:/program files (x86)/atmel/studio/7.0/toolchain/arm/arm-gnu-toolchain/bin/../lib/gcc/arm-none-eabi/6.3.1/../../../../arm-none-eabi/lib/thumb/v6-m\libc.a(lib_a-impure.o)
 .ARM.attributes
                0x00000278       0x2c c:/program files (x86)/atmel/studio/7.0/toolchain/arm/arm-gnu-toolchain/bin/../lib/gcc/arm-none-eabi/6.3.1/../../../../arm-none-eabi/lib/thumb/v6-m\libc.a(lib_a-init.o)
 .ARM.attributes
                0x000002a4       0x2c c:/program files (x86)/atmel/studio/7.0/toolchain/arm/arm-gnu-toolchain/bin/../lib/gcc/arm-none-eabi/6.3.1/../../../../arm-none-eabi/lib/thumb/v6-m\libc.a(lib_a-itoa.o)
 .ARM.attributes
                0x000002d0       0x2c c:/program files (x86)/atmel/studio/7.0/toolchain/arm/arm-gnu-toolchain/bin/../lib/gcc/arm-none-eabi/6.3.1/../../../../arm-none-eabi/lib/thumb/v6-m\libc.a(lib_a-utoa.o)
 .ARM.attributes
                0x000002fc       0x2c c:/program files (x86)/atmel/studio/7.0/toolchain/arm/arm-gnu-toolchain/bin/../lib/gcc/arm-none-eabi/6.3.1/../../../../arm-none-eabi/lib/thumb/v6-m\libc.a(lib_a-__call_atexit.o)
 .ARM.attributes
                0x00000328       0x2c c:/program files (x86)/atmel/studio/7.0/toolchain/arm/arm-gnu-toolchain/bin/../lib/gcc/arm-none-eabi/6.3.1/../../../../arm-none-eabi/lib/thumb/v6-m\libc.a(lib_a-atexit.o)
 .ARM.attributes
                0x00000354       0x2c c:/program files (x86)/atmel/studio/7.0/toolchain/arm/arm-gnu-toolchain/bin/../lib/gcc/arm-none-eabi/6.3.1/../../../../arm-none-eabi/lib/thumb/v6-m\libc.a(lib_a-fini.o)
 .ARM.attributes
                0x00000380       0x2c c:/program files (x86)/atmel/studio/7.0/toolchain/arm/arm-gnu-toolchain/bin/../lib/gcc/arm-none-eabi/6.3.1/../../../../arm-none-eabi/lib/thumb/v6-m\libc.a(lib_a-lock.o)
 .ARM.attributes
                0x000003ac       0x2c c:/program files (x86)/atmel/studio/7.0/toolchain/arm/arm-gnu-toolchain/bin/../lib/gcc/arm-none-eabi/6.3.1/../../../../arm-none-eabi/lib/thumb/v6-m\libc.a(lib_a-__atexit.o)
 .ARM.attributes
                0x000003d8       0x1e c:/program files (x86)/atmel/studio/7.0/toolchain/arm/arm-gnu-toolchain/bin/../lib/gcc/arm-none-eabi/6.3.1/thumb/v6-m\libgcc.a(_udivsi3.o)
 .ARM.attributes
                0x000003f6       0x1e c:/program files (x86)/atmel/studio/7.0/toolchain/arm/arm-gnu-toolchain/bin/../lib/gcc/arm-none-eabi/6.3.1/thumb/v6-m/crtn.o

.comment        0x00000000       0x59
 .comment       0x00000000       0x59 adc.o
                                 0x5a (size before relaxing)
 .comment       0x00000059       0x5a app.o
 .comment       0x00000059       0x5a clock.o
 .comment       0x00000059       0x5a delay.o
 .comment       0x00000059       0x5a Device_Startup/startup_samd21.o
 .comment       0x00000059       0x5a main.o
 .comment       0x00000059       0x5a USART3.o

.debug_info     0x00000000     0xa5ad
 .debug_info    0x00000000      0xe3c adc.o
 .debug_info    0x00000e3c      0xc60 app.o
 .debug_info    0x00001a9c     0x279a clock.o
 .debug_info    0x00004236       0x5a delay.o
 .debug_info    0x00004290     0x3a2c Device_Startup/startup_samd21.o
 .debug_info    0x00007cbc       0xe9 main.o
 .debug_info    0x00007da5     0x2808 USART3.o

.debug_abbrev   0x00000000      0xa0c
 .debug_abbrev  0x00000000      0x188 adc.o
 .debug_abbrev  0x00000188      0x1f6 app.o
 .debug_abbrev  0x0000037e      0x188 clock.o
 .debug_abbrev  0x00000506       0x4d delay.o
 .debug_abbrev  0x00000553      0x227 Device_Startup/startup_samd21.o
 .debug_abbrev  0x0000077a       0x86 main.o
 .debug_abbrev  0x00000800      0x20c USART3.o

.debug_loc      0x00000000      0x26d
 .debug_loc     0x00000000       0x41 adc.o
 .debug_loc     0x00000041       0x5f app.o
 .debug_loc     0x000000a0       0x68 clock.o
 .debug_loc     0x00000108       0x78 Device_Startup/startup_samd21.o
 .debug_loc     0x00000180       0x20 main.o
 .debug_loc     0x000001a0       0xcd USART3.o

.debug_aranges  0x00000000      0x130
 .debug_aranges
                0x00000000       0x40 adc.o
 .debug_aranges
                0x00000040       0x28 app.o
 .debug_aranges
                0x00000068       0x20 clock.o
 .debug_aranges
                0x00000088       0x20 delay.o
 .debug_aranges
                0x000000a8       0x28 Device_Startup/startup_samd21.o
 .debug_aranges
                0x000000d0       0x20 main.o
 .debug_aranges
                0x000000f0       0x40 USART3.o

.debug_ranges   0x00000000       0xc0
 .debug_ranges  0x00000000       0x30 adc.o
 .debug_ranges  0x00000030       0x18 app.o
 .debug_ranges  0x00000048       0x10 clock.o
 .debug_ranges  0x00000058       0x10 delay.o
 .debug_ranges  0x00000068       0x18 Device_Startup/startup_samd21.o
 .debug_ranges  0x00000080       0x10 main.o
 .debug_ranges  0x00000090       0x30 USART3.o

.debug_macro    0x00000000    0x12981
 .debug_macro   0x00000000      0x330 adc.o
 .debug_macro   0x00000330      0x89e adc.o
 .debug_macro   0x00000bce       0x22 adc.o
 .debug_macro   0x00000bf0       0x87 adc.o
 .debug_macro   0x00000c77       0x51 adc.o
 .debug_macro   0x00000cc8       0xef adc.o
 .debug_macro   0x00000db7       0x6a adc.o
 .debug_macro   0x00000e21      0x1df adc.o
 .debug_macro   0x00001000       0x22 adc.o
 .debug_macro   0x00001022       0x3f adc.o
 .debug_macro   0x00001061       0x1c adc.o
 .debug_macro   0x0000107d       0x22 adc.o
 .debug_macro   0x0000109f       0xb5 adc.o
 .debug_macro   0x00001154      0x3ad adc.o
 .debug_macro   0x00001501      0x67e adc.o
 .debug_macro   0x00001b7f      0x8b1 adc.o
 .debug_macro   0x00002430      0x22e adc.o
 .debug_macro   0x0000265e      0xd5c adc.o
 .debug_macro   0x000033ba      0x4dc adc.o
 .debug_macro   0x00003896      0x9f6 adc.o
 .debug_macro   0x0000428c      0x82b adc.o
 .debug_macro   0x00004ab7      0x45f adc.o
 .debug_macro   0x00004f16       0x5e adc.o
 .debug_macro   0x00004f74      0x8f9 adc.o
 .debug_macro   0x0000586d      0x21c adc.o
 .debug_macro   0x00005a89      0x735 adc.o
 .debug_macro   0x000061be       0x5e adc.o
 .debug_macro   0x0000621c      0x632 adc.o
 .debug_macro   0x0000684e      0x3ac adc.o
 .debug_macro   0x00006bfa      0xc76 adc.o
 .debug_macro   0x00007870     0x1092 adc.o
 .debug_macro   0x00008902      0xc4a adc.o
 .debug_macro   0x0000954c      0x6ba adc.o
 .debug_macro   0x00009c06     0x1b3d adc.o
 .debug_macro   0x0000b743     0x143c adc.o
 .debug_macro   0x0000cb7f      0x340 adc.o
 .debug_macro   0x0000cebf       0x7c adc.o
 .debug_macro   0x0000cf3b       0xa0 adc.o
 .debug_macro   0x0000cfdb       0x4c adc.o
 .debug_macro   0x0000d027       0xca adc.o
 .debug_macro   0x0000d0f1       0x94 adc.o
 .debug_macro   0x0000d185       0x58 adc.o
 .debug_macro   0x0000d1dd      0x341 adc.o
 .debug_macro   0x0000d51e       0x82 adc.o
 .debug_macro   0x0000d5a0      0x189 adc.o
 .debug_macro   0x0000d729       0xb8 adc.o
 .debug_macro   0x0000d7e1       0xa0 adc.o
 .debug_macro   0x0000d881       0xb2 adc.o
 .debug_macro   0x0000d933       0x1c adc.o
 .debug_macro   0x0000d94f       0x1c adc.o
 .debug_macro   0x0000d96b       0x1c adc.o
 .debug_macro   0x0000d987       0x7c adc.o
 .debug_macro   0x0000da03      0x15a adc.o
 .debug_macro   0x0000db5d       0x10 adc.o
 .debug_macro   0x0000db6d       0xdc adc.o
 .debug_macro   0x0000dc49      0x124 adc.o
 .debug_macro   0x0000dd6d      0x124 adc.o
 .debug_macro   0x0000de91      0x124 adc.o
 .debug_macro   0x0000dfb5      0x124 adc.o
 .debug_macro   0x0000e0d9      0x124 adc.o
 .debug_macro   0x0000e1fd      0x124 adc.o
 .debug_macro   0x0000e321      0x124 adc.o
 .debug_macro   0x0000e445       0xe2 adc.o
 .debug_macro   0x0000e527       0xe2 adc.o
 .debug_macro   0x0000e609       0xe2 adc.o
 .debug_macro   0x0000e6eb       0xe2 adc.o
 .debug_macro   0x0000e7cd       0xe2 adc.o
 .debug_macro   0x0000e8af      0x12a adc.o
 .debug_macro   0x0000e9d9      0x100 adc.o
 .debug_macro   0x0000ead9       0xf4 adc.o
 .debug_macro   0x0000ebcd      0x40f adc.o
 .debug_macro   0x0000efdc       0x40 adc.o
 .debug_macro   0x0000f01c      0x392 adc.o
 .debug_macro   0x0000f3ae     0x1650 adc.o
 .debug_macro   0x000109fe       0x6d adc.o
 .debug_macro   0x00010a6b       0x64 adc.o
 .debug_macro   0x00010acf      0x4da app.o
 .debug_macro   0x00010fa9       0x39 app.o
 .debug_macro   0x00010fe2       0x58 app.o
 .debug_macro   0x0001103a       0x35 app.o
 .debug_macro   0x0001106f       0x9c app.o
 .debug_macro   0x0001110b       0x16 app.o
 .debug_macro   0x00011121       0x97 app.o
 .debug_macro   0x000111b8      0x34d app.o
 .debug_macro   0x00011505       0xf6 app.o
 .debug_macro   0x000115fb       0x10 app.o
 .debug_macro   0x0001160b       0x58 app.o
 .debug_macro   0x00011663       0x1f app.o
 .debug_macro   0x00011682       0x43 app.o
 .debug_macro   0x000116c5       0x20 app.o
 .debug_macro   0x000116e5      0x187 app.o
 .debug_macro   0x0001186c       0x10 app.o
 .debug_macro   0x0001187c       0x1c app.o
 .debug_macro   0x00011898       0x52 app.o
 .debug_macro   0x000118ea       0x40 app.o
 .debug_macro   0x0001192a       0x10 app.o
 .debug_macro   0x0001193a       0x40 app.o
 .debug_macro   0x0001197a       0xd7 app.o
 .debug_macro   0x00011a51       0x16 app.o
 .debug_macro   0x00011a67      0x18b app.o
 .debug_macro   0x00011bf2       0x16 app.o
 .debug_macro   0x00011c08       0x35 app.o
 .debug_macro   0x00011c3d       0x16 app.o
 .debug_macro   0x00011c53       0x29 app.o
 .debug_macro   0x00011c7c       0x40 app.o
 .debug_macro   0x00011cbc       0x10 app.o
 .debug_macro   0x00011ccc      0x323 clock.o
 .debug_macro   0x00011fef       0x1a delay.o
 .debug_macro   0x00012009      0x310 Device_Startup/startup_samd21.o
 .debug_macro   0x00012319      0x323 main.o
 .debug_macro   0x0001263c      0x345 USART3.o

.debug_line     0x00000000     0x2cfc
 .debug_line    0x00000000      0x776 adc.o
 .debug_line    0x00000776      0x88f app.o
 .debug_line    0x00001005      0x739 clock.o
 .debug_line    0x0000173e       0x49 delay.o
 .debug_line    0x00001787      0x70e Device_Startup/startup_samd21.o
 .debug_line    0x00001e95      0x6ea main.o
 .debug_line    0x0000257f      0x77d USART3.o

.debug_str      0x00000000    0x73657
 .debug_str     0x00000000    0x6d3de adc.o
                              0x6d75e (size before relaxing)
 .debug_str     0x0006d3de     0x4403 app.o
                              0x71830 (size before relaxing)
 .debug_str     0x000717e1      0x905 clock.o
                              0x6dd33 (size before relaxing)
 .debug_str     0x000720e6        0xd delay.o
                               0x2741 (size before relaxing)
 .debug_str     0x000720f3      0xf32 Device_Startup/startup_samd21.o
                              0x6e2bf (size before relaxing)
 .debug_str     0x00073025        0xc main.o
                              0x6d2be (size before relaxing)
 .debug_str     0x00073031      0x626 USART3.o
                              0x6debe (size before relaxing)

.debug_frame    0x00000000      0x488
 .debug_frame   0x00000000       0x68 adc.o
 .debug_frame   0x00000068       0x44 app.o
 .debug_frame   0x000000ac       0x2c clock.o
 .debug_frame   0x000000d8       0x20 delay.o
 .debug_frame   0x000000f8       0x40 Device_Startup/startup_samd21.o
 .debug_frame   0x00000138       0x28 main.o
 .debug_frame   0x00000160       0x78 USART3.o
 .debug_frame   0x000001d8       0x3c c:/program files (x86)/atmel/studio/7.0/toolchain/arm/arm-gnu-toolchain/bin/../lib/gcc/arm-none-eabi/6.3.1/thumb/v6-m\libgcc.a(_udivmoddi4.o)
 .debug_frame   0x00000214       0x2c c:/program files (x86)/atmel/studio/7.0/toolchain/arm/arm-gnu-toolchain/bin/../lib/gcc/arm-none-eabi/6.3.1/../../../../arm-none-eabi/lib/thumb/v6-m\libc.a(lib_a-init.o)
 .debug_frame   0x00000240       0x40 c:/program files (x86)/atmel/studio/7.0/toolchain/arm/arm-gnu-toolchain/bin/../lib/gcc/arm-none-eabi/6.3.1/../../../../arm-none-eabi/lib/thumb/v6-m\libc.a(lib_a-itoa.o)
 .debug_frame   0x00000280       0x54 c:/program files (x86)/atmel/studio/7.0/toolchain/arm/arm-gnu-toolchain/bin/../lib/gcc/arm-none-eabi/6.3.1/../../../../arm-none-eabi/lib/thumb/v6-m\libc.a(lib_a-utoa.o)
 .debug_frame   0x000002d4       0x54 c:/program files (x86)/atmel/studio/7.0/toolchain/arm/arm-gnu-toolchain/bin/../lib/gcc/arm-none-eabi/6.3.1/../../../../arm-none-eabi/lib/thumb/v6-m\libc.a(lib_a-__call_atexit.o)
 .debug_frame   0x00000328       0x28 c:/program files (x86)/atmel/studio/7.0/toolchain/arm/arm-gnu-toolchain/bin/../lib/gcc/arm-none-eabi/6.3.1/../../../../arm-none-eabi/lib/thumb/v6-m\libc.a(lib_a-atexit.o)
 .debug_frame   0x00000350       0x2c c:/program files (x86)/atmel/studio/7.0/toolchain/arm/arm-gnu-toolchain/bin/../lib/gcc/arm-none-eabi/6.3.1/../../../../arm-none-eabi/lib/thumb/v6-m\libc.a(lib_a-fini.o)
 .debug_frame   0x0000037c       0xb0 c:/program files (x86)/atmel/studio/7.0/toolchain/arm/arm-gnu-toolchain/bin/../lib/gcc/arm-none-eabi/6.3.1/../../../../arm-none-eabi/lib/thumb/v6-m\libc.a(lib_a-lock.o)
 .debug_frame   0x0000042c       0x3c c:/program files (x86)/atmel/studio/7.0/toolchain/arm/arm-gnu-toolchain/bin/../lib/gcc/arm-none-eabi/6.3.1/../../../../arm-none-eabi/lib/thumb/v6-m\libc.a(lib_a-__atexit.o)
 .debug_frame   0x00000468       0x20 c:/program files (x86)/atmel/studio/7.0/toolchain/arm/arm-gnu-toolchain/bin/../lib/gcc/arm-none-eabi/6.3.1/thumb/v6-m\libgcc.a(_udivsi3.o)
